{
  "IndentSize": 4,
  "TabSize": 4,
  "IndentStyle": 0,
  "NewLineCharacter": "\n",
  "ConvertTabsToSpaces": false,
  "InsertSpaceAfterCommaDelimiter": false,
  "InsertSpaceAfterSemicolonInForStatements": false,
  "InsertSpaceBeforeAndAfterBinaryOperators": false,
  "InsertSpaceAfterKeywordsInControlFlowStatements": false,
  "InsertSpaceAfterFunctionKeywordForAnonymousFunctions": true,
  "InsertSpaceAfterOpeningAndBeforeClosingNonemptyParenthesis": true,
  "InsertSpaceAfterOpeningAndBeforeClosingNonemptyBrackets": false,
  "PlaceOpenBraceOnNewLineForFunctions": true,
  "PlaceOpenBraceOnNewLineForControlBlocks": true
}