{
  "InsertSpaceAfterCommaDelimiter": false,
  "InsertSpaceAfterSemicolonInForStatements": false,
  "InsertSpaceBeforeAndAfterBinaryOperators": false,
  "InsertSpaceAfterKeywordsInControlFlowStatements": false,
  "InsertSpaceAfterFunctionKeywordForAnonymousFunctions": false,
  "InsertSpaceAfterOpeningAndBeforeClosingNonemptyParenthesis": false,
  "PlaceOpenBraceOnNewLineForFunctions": false,
  "PlaceOpenBraceOnNewLineForControlBlocks": false,
  "IndentSize": 6,
  "TabSize": 4,
  "NewLineCharacter": "\r\n",
  "ConvertTabsToSpaces": true
}