{
  "IndentSize": 4,
  "TabSize": 4,
  "IndentStyle": 2,
  "NewLineCharacter": "\n",
  "ConvertTabsToSpaces": true,
  "InsertSpaceAfterCommaDelimiter": true,
  "InsertSpaceAfterSemicolonInForStatements": true,
  "InsertSpaceBeforeAndAfterBinaryOperators": true,
  "InsertSpaceAfterKeywordsInControlFlowStatements": true,
  "InsertSpaceAfterFunctionKeywordForAnonymousFunctions": false,
  "InsertSpaceAfterOpeningAndBeforeClosingNonemptyParenthesis": false,
  "InsertSpaceAfterOpeningAndBeforeClosingNonemptyBrackets": false,
  "PlaceOpenBraceOnNewLineForFunctions": false,
  "PlaceOpenBraceOnNewLineForControlBlocks": false
}