{
  "InsertSpaceAfterCommaDelimiter": true,
  "InsertSpaceAfterSemicolonInForStatements": true,
  "InsertSpaceBeforeAndAfterBinaryOperators": true,
  "InsertSpaceAfterKeywordsInControlFlowStatements": true,
  "InsertSpaceAfterFunctionKeywordForAnonymousFunctions": false,
  "InsertSpaceAfterOpeningAndBeforeClosingNonemptyParenthesis": false,
  "PlaceOpenBraceOnNewLineForFunctions": false,
  "PlaceOpenBraceOnNewLineForControlBlocks": false,
  "IndentSize": 8,
  "TabSize": 4,
  "NewLineCharacter": "\r\n",
  "ConvertTabsToSpaces": true
}