Crashing.AddFailsBeforeCrash
Crashing.AddPassesBeforeCrash
Crashing.TheCrash
Crashing.AddFailsAfterCrash
Crashing.AddPassesAfterCrash
Crashing.LongRunning